// Jest Snapshot v1, https://goo.gl/fbAQLP

exports[`DogCard should render header 1`] = `
<div>
  <div>
    <div
      class="dog-card"
    >
      <h2>
        Meet 
        Lil Mark
      </h2>
      <p>
        <img
          class="dog-img"
          src="https://placedog.net/500?id=41"
        />
      </p>
      Lil Mark
       is a 
      6
       year old 
      Pug
      <p>
        Hide your Llamas and their milk, Lil Mark loves that stuff
      </p>
    </div>
    <button>
      Delete
    </button>
    <a
      href="/dogs/5/edit"
    >
      Edit
    </a>
    <header>
      <a
        href="/"
      >
        Home
      </a>
    </header>
  </div>
</div>
`;
